ERROR: runtime exposes valid destinations
   at: push_error (core/variant/variant_utility.cpp:1023)
   GDScript backtrace (most recent call first):
       [0] _finish (res://Tests/WorldMap/test_world_runtime_model.gd:151)
       [1] _run (res://Tests/WorldMap/test_world_runtime_model.gd:53)
ERROR: runtime exposes ordinary encounter close
   at: push_error (core/variant/variant_utility.cpp:1023)
   GDScript backtrace (most recent call first):
       [0] _finish (res://Tests/WorldMap/test_world_runtime_model.gd:151)
       [1] _run (res://Tests/WorldMap/test_world_runtime_model.gd:53)
ERROR: runtime exposes moving encounter identity
   at: push_error (core/variant/variant_utility.cpp:1023)
   GDScript backtrace (most recent call first):
       [0] _finish (res://Tests/WorldMap/test_world_runtime_model.gd:151)
       [1] _run (res://Tests/WorldMap/test_world_runtime_model.gd:53)
ERROR: expected 47 assertions, ran 21
   at: push_error (core/variant/variant_utility.cpp:1023)
   GDScript backtrace (most recent call first):
       [0] _finish (res://Tests/WorldMap/test_world_runtime_model.gd:151)
       [1] _run (res://Tests/WorldMap/test_world_runtime_model.gd:53)
