AC9.0 RUNTIME AND RENDERED QA
Date: 2026-09-26
Result: PASS

RUNTIME GATE
- GodotIQ run: res://Scenes/world_run_start.tscn -> success; runtime attached.
- GodotIQ verify_project_runs: PASS; project preflight checked 264 scripts with 0 parser errors.
- GodotIQ read_debug_console: 0 script errors, 0 runtime errors, 0 unhandled exceptions.
- GodotIQ UI map: production launcher rendered at 1152x648 with Continue, Start New Run,
  Settings, and Exit controls present and interactive.
- GodotIQ project validation: 264 scripts and 22 scenes; 0 errors, 65 warnings, 5 info.
- GodotIQ signal audit: 43 signals defined, 263 emissions, 179 connections, 0 orphan
  project signals. Reported missing names are engine-native Control/Window signals referenced by
  existing tests and do not represent missing project-defined signals.

CAPTURE COMMAND
Godot 4.7.2 GUI process, hidden window:
  --path D:/Projects/two-dimension-exploration
  --script res://Tests/Battle/capture_ac9_0_evidence.gd
Exit code: 0
Capture assertions: 8/8 screenshots saved with exact requested dimensions.

VISUAL REVIEW
- player-commander-selector-1152x648.png: PASS. New Run commander carousel, Brakka
  identity/root class, portrait, four skills, seed input, Back, and Begin are readable; no clipping.
- player-commander-selector-1920x1080.png: PASS. Same content scales cleanly; no overlap or clipping.
- human-boss-party-1152x648.png: PASS. Marshal Elian Voss and the authored Human party render.
- human-boss-party-1920x1080.png: PASS. Full Human party and battle controls remain readable.
- elf-boss-party-1152x648.png: PASS. Lady Saelith Moonfall and the authored Elf party render.
- elf-boss-party-1920x1080.png: PASS. Full Elf party and battle controls remain readable.
- dwarf-boss-party-1152x648.png: PASS. Thane Brokk Stonevein and the authored Dwarf party render.
- dwarf-boss-party-1920x1080.png: PASS. Full Dwarf party and battle controls remain readable.

The eight reviewed images establish the approved AC9.0 golden fixtures. Future comparisons must
retain the exact dimensions and intentional identity/layout content represented here.

SHA-256
dwarf-boss-party-1152x648.png c3196a1c2c21055c02ecd4975af1454a1d3ae132dea1f7236225ebcf3f2df3b5
dwarf-boss-party-1920x1080.png d167f786c3141e30c3268ca4d6b5abd98dda97295dff49265e567fd6bd15c9be
elf-boss-party-1152x648.png b259f3e6c6024998f91f4f2ef0e7ecf4231b0f525cb2f9865a8f669daf0e94d0
elf-boss-party-1920x1080.png 99378ce690f8b013be233fc140134e13432561b6106105958aa40446b63dab7c
human-boss-party-1152x648.png 94c04031618d91f778a2182b3122ec6f4c22ef1fd79add245ee1ac68b606590c
human-boss-party-1920x1080.png ba90947317530beb2b1803a65df34128325009155fce8677416b46de101d17ab
player-commander-selector-1152x648.png 3d9437f0b6b1579f34f98ddeeacc62b6ae49e7dd3ec868ed3712bcb04120770b
player-commander-selector-1920x1080.png 59edfc9a010f267918b0c8ad2c22c85e60836aebcae0f3659da135b5a09346ad
