RUN res://Tests/Run/test_world_headless_failure.gd
Godot Engine v4.7.2.stable.steam.ed1daf0bf - https://godotengine.org

[GodotIQ] Runtime _ready() — debugger active: false
[GodotIQ] Debugger not active, freeing runtime
ERROR: Attempt to open script 'res://Scripts/Run/world_failure_formatter.gd' resulted in error 'File not found'.
   at: load_source_code (modules/gdscript/gdscript.cpp:1139)
   GDScript backtrace (most recent call first):
       [0] _run (res://Tests/Run/test_world_headless_failure.gd:14)
ERROR: Failed loading resource: res://Scripts/Run/world_failure_formatter.gd.
   at: _load (core/io/resource_loader.cpp:317)
   GDScript backtrace (most recent call first):
       [0] _run (res://Tests/Run/test_world_headless_failure.gd:14)
ERROR: WorldFailureFormatter script is missing
   at: push_error (core/variant/variant_utility.cpp:1023)
   GDScript backtrace (most recent call first):
       [0] _fail (res://Tests/Run/test_world_headless_failure.gd:40)
       [1] _run (res://Tests/Run/test_world_headless_failure.gd:17)
EXIT 1
RUN res://Tests/Run/test_world_headless_exit_process.gd
Godot Engine v4.7.2.stable.steam.ed1daf0bf - https://godotengine.org

[GodotIQ] Runtime _ready() — debugger active: false
[GodotIQ] Debugger not active, freeing runtime
ERROR: headless world run-start tool is missing
   at: push_error (core/variant/variant_utility.cpp:1023)
   GDScript backtrace (most recent call first):
       [0] _fail (res://Tests/Run/test_world_headless_exit_process.gd:45)
       [1] _run (res://Tests/Run/test_world_headless_exit_process.gd:15)
EXIT 1
